// Jest Snapshot v1, https://goo.gl/fbAQLP

exports[`Loader renders correctly 1`] = `
.c0 .dclLoader__svg {
  width: 24px;
  height: 24px;
}

<WithStyles(ForwardRef(CircularProgress))
  className="c0"
  classes={
    Object {
      "root": "dclLoader",
      "svg": "dclLoader__svg",
    }
  }
  color="primary"
  id="test"
  size="24px"
  theme={
    Object {
      "alerts": Object {
        "button": "#32373F",
        "error": "#BD2030",
        "errorBg": "#F7E4E6",
        "info": "#0266C8",
        "infoBg": "#E0F3FE",
        "success": "#2A7D2A",
        "successBg": "#DFF6DF",
        "warning": "#F3AD2E",
        "warningBg": "#FDEED3",
      },
      "background": Object {
        "default": "#ffffff",
        "paper": "#F5F5F5",
        "tertiary": "#EFEFEB",
      },
      "brandColours": Object {
        "default": "#007DC3",
        "secondary": "#20908B",
      },
      "divider": "#d1d1d1",
      "global": Object {
        "headerBg": "#32373F",
        "navigationBg": "#32373F",
        "navigationSelectedBg": "#525965",
        "navigationText": "#ffffff",
      },
      "highlight": Object {
        "blue": "#E0F3FE",
        "green": "#DFF6DF",
        "red": "#F7E4E6",
        "yellow": "#FDEED3",
      },
      "meaningful": Object {
        "blue": "#0266C8",
        "green": "#2A7D2A",
        "purple": "#9D4098",
        "red": "#BD2030",
        "yellow": "#F3AD2E",
      },
      "primary": Object {
        "main": "#0266C8",
      },
      "text": Object {
        "disabled": "#707070",
        "primary": "#32373F",
        "secondary": "#525965",
      },
      "typography": Object {
        "body1": Object {
          "fontFamily": "Roboto,-apple-system,BlinkMacSystemFont,Arial,Helvetica,sans-serif",
          "fontSize": "14px",
          "fontWeight": 400,
          "lineHeight": 1,
        },
        "body2": Object {
          "fontFamily": "Roboto,-apple-system,BlinkMacSystemFont,Arial,Helvetica,sans-serif",
          "fontSize": "14px",
          "fontWeight": 400,
          "lineHeight": 1,
        },
        "fontFamily": "Roboto,-apple-system,BlinkMacSystemFont,Arial,Helvetica,sans-serif",
        "h1": Object {
          "fontFamily": "Roboto,-apple-system,BlinkMacSystemFont,Arial,Helvetica,sans-serif",
          "fontSize": "14px",
          "fontWeight": 400,
          "lineHeight": 1,
        },
        "h2": Object {
          "fontFamily": "Roboto,-apple-system,BlinkMacSystemFont,Arial,Helvetica,sans-serif",
          "fontSize": "14px",
          "fontWeight": 400,
          "lineHeight": 1,
        },
        "h3": Object {
          "fontFamily": "Roboto,-apple-system,BlinkMacSystemFont,Arial,Helvetica,sans-serif",
          "fontSize": "14px",
          "fontWeight": 400,
          "lineHeight": 1,
        },
        "h4": Object {
          "fontFamily": "Roboto,-apple-system,BlinkMacSystemFont,Arial,Helvetica,sans-serif",
          "fontSize": "14px",
          "fontWeight": 400,
          "lineHeight": 1,
        },
        "h5": Object {
          "fontFamily": "Roboto,-apple-system,BlinkMacSystemFont,Arial,Helvetica,sans-serif",
          "fontSize": "14px",
          "fontWeight": 400,
          "lineHeight": 1,
        },
        "h6": Object {
          "fontFamily": "Roboto,-apple-system,BlinkMacSystemFont,Arial,Helvetica,sans-serif",
          "fontSize": "14px",
          "fontWeight": 400,
          "lineHeight": 1,
        },
        "htmlFontSize": 14,
        "subtitle1": Object {
          "fontFamily": "Roboto,-apple-system,BlinkMacSystemFont,Arial,Helvetica,sans-serif",
          "fontSize": "14px",
          "fontWeight": 400,
          "lineHeight": 1,
        },
        "subtitle2": Object {
          "fontFamily": "Roboto,-apple-system,BlinkMacSystemFont,Arial,Helvetica,sans-serif",
          "fontSize": "14px",
          "fontWeight": 400,
          "lineHeight": 1,
        },
      },
    }
  }
/>
`;
